\BOOKMARK [0][-]{section*.1}{\376\377\000A\000b\000s\000t\000r\000a\000c\000t}{}% 1
\BOOKMARK [1][-]{section.0.1}{\376\377\000I\000n\000t\000r\000o\000d\000u\000c\000t\000i\000o\000n}{section*.1}% 2
\BOOKMARK [2][-]{subsection.0.1.1}{\376\377\000P\000r\000o\000b\000l\000e\000m\000\040\000S\000t\000a\000t\000e\000m\000e\000n\000t}{section.0.1}% 3
\BOOKMARK [2][-]{subsection.0.1.2}{\376\377\000O\000b\000j\000e\000c\000t\000i\000v\000e\000s\000\040\000o\000f\000\040\000t\000h\000e\000\040\000P\000r\000o\000j\000e\000c\000t}{section.0.1}% 4
\BOOKMARK [2][-]{subsection.0.1.3}{\376\377\000S\000c\000o\000p\000e\000\040\000o\000f\000\040\000t\000h\000e\000\040\000R\000e\000p\000o\000r\000t}{section.0.1}% 5
\BOOKMARK [1][-]{section.0.2}{\376\377\000L\000i\000t\000e\000r\000a\000t\000u\000r\000e\000\040\000S\000u\000r\000v\000e\000y\000\040\000a\000n\000d\000\040\000T\000e\000c\000h\000n\000o\000l\000o\000g\000y\000\040\000S\000t\000a\000c\000k}{section*.1}% 6
\BOOKMARK [2][-]{subsection.0.2.1}{\376\377\000L\000i\000t\000e\000r\000a\000t\000u\000r\000e\000\040\000S\000u\000r\000v\000e\000y}{section.0.2}% 7
\BOOKMARK [2][-]{subsection.0.2.2}{\376\377\000T\000e\000c\000h\000n\000o\000l\000o\000g\000y\000\040\000S\000t\000a\000c\000k}{section.0.2}% 8
\BOOKMARK [1][-]{section.0.3}{\376\377\000S\000y\000s\000t\000e\000m\000\040\000A\000r\000c\000h\000i\000t\000e\000c\000t\000u\000r\000e\000\040\000a\000n\000d\000\040\000M\000e\000t\000h\000o\000d\000o\000l\000o\000g\000y}{section*.1}% 9
\BOOKMARK [2][-]{subsection.0.3.1}{\376\377\000S\000y\000s\000t\000e\000m\000\040\000A\000r\000c\000h\000i\000t\000e\000c\000t\000u\000r\000e}{section.0.3}% 10
\BOOKMARK [2][-]{subsection.0.3.2}{\376\377\000M\000e\000t\000h\000o\000d\000o\000l\000o\000g\000y}{section.0.3}% 11
\BOOKMARK [2][-]{subsection.0.3.3}{\376\377\000A\000r\000c\000h\000i\000t\000e\000c\000t\000u\000r\000a\000l\000\040\000N\000o\000t\000e\000\040\000f\000o\000r\000\040\000F\000u\000t\000u\000r\000e\000\040\000C\000u\000s\000t\000o\000m\000i\000z\000a\000t\000i\000o\000n}{section.0.3}% 12
\BOOKMARK [1][-]{section.0.4}{\376\377\000I\000m\000p\000l\000e\000m\000e\000n\000t\000a\000t\000i\000o\000n\000\040\000a\000n\000d\000\040\000U\000I\000\040\000M\000o\000d\000u\000l\000e\000s}{section*.1}% 13
\BOOKMARK [2][-]{subsection.0.4.1}{\376\377\000C\000o\000r\000e\000\040\000F\000r\000o\000n\000t\000e\000n\000d\000\040\000M\000o\000d\000u\000l\000e\000s}{section.0.4}% 14
\BOOKMARK [2][-]{subsection.0.4.2}{\376\377\000R\000e\000c\000o\000m\000m\000e\000n\000d\000a\000t\000i\000o\000n\000s\000\040\000f\000o\000r\000\040\000O\000p\000t\000i\000o\000n\000a\000l\000\040\000U\000s\000e\000r\000\040\000D\000i\000a\000g\000r\000a\000m\000s}{section.0.4}% 15
\BOOKMARK [1][-]{section.0.5}{\376\377\000R\000e\000s\000u\000l\000t\000s\000\040\000a\000n\000d\000\040\000P\000e\000r\000f\000o\000r\000m\000a\000n\000c\000e\000\040\000D\000i\000s\000c\000u\000s\000s\000i\000o\000n}{section*.1}% 16
\BOOKMARK [2][-]{subsection.0.5.1}{\376\377\000S\000y\000s\000t\000e\000m\000\040\000P\000e\000r\000f\000o\000r\000m\000a\000n\000c\000e\000\040\000a\000n\000d\000\040\000U\000s\000e\000r\000\040\000T\000e\000s\000t\000i\000n\000g}{section.0.5}% 17
\BOOKMARK [2][-]{subsection.0.5.2}{\376\377\000I\000m\000p\000a\000c\000t\000\040\000o\000n\000\040\000C\000a\000m\000p\000u\000s\000\040\000L\000e\000a\000r\000n\000i\000n\000g}{section.0.5}% 18
\BOOKMARK [1][-]{section.0.6}{\376\377\000C\000o\000n\000c\000l\000u\000s\000i\000o\000n\000\040\000a\000n\000d\000\040\000F\000u\000t\000u\000r\000e\000\040\000W\000o\000r\000k}{section*.1}% 19
\BOOKMARK [2][-]{subsection.0.6.1}{\376\377\000C\000o\000n\000c\000l\000u\000s\000i\000o\000n}{section.0.6}% 20
\BOOKMARK [2][-]{subsection.0.6.2}{\376\377\000F\000u\000t\000u\000r\000e\000\040\000S\000c\000o\000p\000e}{section.0.6}% 21
\BOOKMARK [0][-]{chapter*.18}{\376\377\000R\000e\000f\000e\000r\000e\000n\000c\000e\000s}{}% 22
\BOOKMARK [0][-]{section*.19}{\376\377\000A\000c\000k\000n\000o\000w\000l\000e\000d\000g\000e\000m\000e\000n\000t}{}% 23
